Component: ARM Compiler 5.06 update 5 (build 528) Tool: armlink [4d35e2]

==============================================================================

Section Cross References

    aduc706x.o(STACK) refers (Special) to heapauxi.o(.text) for __use_two_region_memory
    aduc706x.o(HEAP) refers (Special) to heapauxi.o(.text) for __use_two_region_memory
    aduc706x.o(RESET) refers (Special) to heapauxi.o(.text) for __use_two_region_memory
    aduc706x.o(RESET) refers to irq_arm.o(i.Undef_Handler) for Undef_Handler
    aduc706x.o(RESET) refers to irq_arm.o(i.SWI_Handler) for SWI_Handler
    aduc706x.o(RESET) refers to irq_arm.o(i.PAbt_Handler) for PAbt_Handler
    aduc706x.o(RESET) refers to irq_arm.o(i.DAbt_Handler) for DAbt_Handler
    aduc706x.o(RESET) refers to main.o(i.IRQ_Handler) for IRQ_Handler
    aduc706x.o(RESET) refers to irq_arm.o(i.FIQ_Handler) for FIQ_Handler
    aduc706x.o(RESET) refers to aduc706x.o(STACK) for Stack_Top
    aduc706x.o(RESET) refers to __main.o(!!!main) for __main
    aduc706x.o(.text) refers (Special) to heapauxi.o(.text) for __use_two_region_memory
    aduc706x.o(.text) refers to aduc706x.o(HEAP) for Heap_Mem
    aduc706x.o(.text) refers to aduc706x.o(STACK) for Stack_Mem
    main.o(i.IRQ_Handler) refers to interrupt_handlers.o(i.timer1_handler) for timer1_handler
    main.o(i.IRQ_Handler) refers to main.o(.data) for power_saving_mode_en
    main.o(i.main) refers to aduc7060_helpers.o(i.initInterrupts) for initInterrupts
    main.o(i.main) refers to aduc7060_helpers.o(i.initUart) for initUart
    main.o(i.main) refers to aduc7060_helpers.o(i.initAdc) for initAdc
    main.o(i.main) refers to aduc7060_helpers.o(i.initGpio) for initGpio
    main.o(i.main) refers to aduc7060_helpers.o(i.initI2C) for initI2C
    main.o(i.main) refers to aduc7060_helpers.o(i.wake) for wake
    interrupt_handlers.o(i.timer1_handler) refers to _printf_percent.o(.ARM.Collect$$_printf_percent$$00000000) for _printf_percent
    interrupt_handlers.o(i.timer1_handler) refers to _printf_d.o(.ARM.Collect$$_printf_percent$$00000009) for _printf_d
    interrupt_handlers.o(i.timer1_handler) refers to _printf_i.o(.ARM.Collect$$_printf_percent$$00000008) for _printf_i
    interrupt_handlers.o(i.timer1_handler) refers to _printf_dec.o(.text) for _printf_int_dec
    interrupt_handlers.o(i.timer1_handler) refers to rt_memclr_w.o(.text) for __aeabi_memclr4
    interrupt_handlers.o(i.timer1_handler) refers to aduc7060_helpers.o(i.wake) for wake
    interrupt_handlers.o(i.timer1_handler) refers to aduc7060_helpers.o(i.turn_on_led) for turn_on_led
    interrupt_handlers.o(i.timer1_handler) refers to aduc7060_helpers.o(i.turn_on_avdd) for turn_on_avdd
    interrupt_handlers.o(i.timer1_handler) refers to aduc7060_helpers.o(i.initAdc) for initAdc
    interrupt_handlers.o(i.timer1_handler) refers to aduc7060_helpers.o(i.enable_mux_channel) for enable_mux_channel
    interrupt_handlers.o(i.timer1_handler) refers to interrupt_handlers.o(i.delay) for delay
    interrupt_handlers.o(i.timer1_handler) refers to adc.o(i.readAdcChannels) for readAdcChannels
    interrupt_handlers.o(i.timer1_handler) refers to adc.o(i.readAdc1Channel) for readAdc1Channel
    interrupt_handlers.o(i.timer1_handler) refers to noretval__2sprintf.o(.text) for __2sprintf
    interrupt_handlers.o(i.timer1_handler) refers to strlen.o(.text) for strlen
    interrupt_handlers.o(i.timer1_handler) refers to interrupt_handlers.o(.conststring) for .conststring
    aduc7060_helpers.o(i.initInterrupts) refers to config.o(i.setIRQCONE) for setIRQCONE
    aduc7060_helpers.o(i.initInterrupts) refers to config.o(i.setIRQEN) for setIRQEN
    aduc7060_helpers.o(i.initInterrupts) refers to config.o(i.setT1CON) for setT1CON
    irq_arm.o(i.DAbt_Handler) refers to irq_arm.o(.data) for DABORT
    irq_arm.o(i.FIQ_Handler) refers to irq_arm.o(.data) for FIQ
    irq_arm.o(i.PAbt_Handler) refers to irq_arm.o(.data) for PABORT
    irq_arm.o(i.SWI_Handler) refers to irq_arm.o(.data) for SWI
    irq_arm.o(i.Undef_Handler) refers to irq_arm.o(.data) for UNDEF
    __2sprintf.o(.text) refers to _printf_char_common.o(.text) for _printf_char_common
    __2sprintf.o(.text) refers to _sputc.o(.text) for _sputc
    noretval__2sprintf.o(.text) refers to _printf_char_common.o(.text) for _printf_char_common
    noretval__2sprintf.o(.text) refers to _sputc.o(.text) for _sputc
    __printf.o(.text) refers to __printf.o(i.__ARM_common_call_via_r1) for __ARM_common_call_via_r1
    __printf.o(.text) refers to _printf_percent.o(.ARM.Collect$$_printf_percent$$00000000) for _printf_percent
    __printf.o(.text) refers to __printf.o(i.__ARM_common_call_via_r2) for __ARM_common_call_via_r2
    _printf_dec.o(.text) refers to rtudiv10.o(.text) for __rt_udiv10
    _printf_dec.o(.text) refers to _printf_intcommon.o(.text) for _printf_int_common
    __printf_flags.o(.text) refers to __printf.o(i.__ARM_common_call_via_r1) for __ARM_common_call_via_r1
    __printf_flags.o(.text) refers to _printf_percent.o(.ARM.Collect$$_printf_percent$$00000000) for _printf_percent
    __printf_flags.o(.text) refers to __printf.o(i.__ARM_common_call_via_r2) for __ARM_common_call_via_r2
    __printf_flags.o(.text) refers to __printf_flags.o(.constdata) for .constdata
    __printf_ss.o(.text) refers to __printf.o(i.__ARM_common_call_via_r1) for __ARM_common_call_via_r1
    __printf_ss.o(.text) refers to _printf_percent.o(.ARM.Collect$$_printf_percent$$00000000) for _printf_percent
    __printf_ss.o(.text) refers to __printf.o(i.__ARM_common_call_via_r2) for __ARM_common_call_via_r2
    __printf_flags_ss.o(.text) refers to __printf.o(i.__ARM_common_call_via_r1) for __ARM_common_call_via_r1
    __printf_flags_ss.o(.text) refers to _printf_percent.o(.ARM.Collect$$_printf_percent$$00000000) for _printf_percent
    __printf_flags_ss.o(.text) refers to __printf.o(i.__ARM_common_call_via_r2) for __ARM_common_call_via_r2
    __printf_flags_ss.o(.text) refers to __printf_flags_ss.o(.constdata) for .constdata
    __printf_wp.o(.text) refers to __printf.o(i.__ARM_common_call_via_r1) for __ARM_common_call_via_r1
    __printf_wp.o(.text) refers to __printf_wp.o(i._is_digit) for _is_digit
    __printf_wp.o(.text) refers to _printf_percent.o(.ARM.Collect$$_printf_percent$$00000000) for _printf_percent
    __printf_wp.o(.text) refers to __printf.o(i.__ARM_common_call_via_r2) for __ARM_common_call_via_r2
    __printf_flags_wp.o(.text) refers to __printf.o(i.__ARM_common_call_via_r1) for __ARM_common_call_via_r1
    __printf_flags_wp.o(.text) refers to __printf_wp.o(i._is_digit) for _is_digit
    __printf_flags_wp.o(.text) refers to _printf_percent.o(.ARM.Collect$$_printf_percent$$00000000) for _printf_percent
    __printf_flags_wp.o(.text) refers to __printf.o(i.__ARM_common_call_via_r2) for __ARM_common_call_via_r2
    __printf_flags_wp.o(.text) refers to __printf_flags_wp.o(.constdata) for .constdata
    __printf_ss_wp.o(.text) refers to __printf.o(i.__ARM_common_call_via_r1) for __ARM_common_call_via_r1
    __printf_ss_wp.o(.text) refers to __printf_wp.o(i._is_digit) for _is_digit
    __printf_ss_wp.o(.text) refers to _printf_percent.o(.ARM.Collect$$_printf_percent$$00000000) for _printf_percent
    __printf_ss_wp.o(.text) refers to __printf.o(i.__ARM_common_call_via_r2) for __ARM_common_call_via_r2
    __printf_flags_ss_wp.o(.text) refers to __printf.o(i.__ARM_common_call_via_r1) for __ARM_common_call_via_r1
    __printf_flags_ss_wp.o(.text) refers to __printf_wp.o(i._is_digit) for _is_digit
    __printf_flags_ss_wp.o(.text) refers to _printf_percent.o(.ARM.Collect$$_printf_percent$$00000000) for _printf_percent
    __printf_flags_ss_wp.o(.text) refers to __printf.o(i.__ARM_common_call_via_r2) for __ARM_common_call_via_r2
    __printf_flags_ss_wp.o(.text) refers to __printf_flags_ss_wp.o(.constdata) for .constdata
    _printf_i.o(.ARM.Collect$$_printf_percent$$00000008) refers (Weak) to _printf_dec.o(.text) for _printf_int_dec
    _printf_d.o(.ARM.Collect$$_printf_percent$$00000009) refers (Weak) to _printf_dec.o(.text) for _printf_int_dec
    _printf_percent.o(.ARM.Collect$$_printf_percent$$00000000) refers (Special) to _printf_percent_end.o(.ARM.Collect$$_printf_percent$$00000017) for _printf_percent_end
    __main.o(!!!main) refers to __rtentry.o(.ARM.Collect$$rtentry$$00000000) for __rt_entry
    __rtentry.o(.ARM.Collect$$rtentry$$00000000) refers (Special) to __rtentry2.o(.ARM.Collect$$rtentry$$0000000A) for __rt_entry_li
    __rtentry.o(.ARM.Collect$$rtentry$$00000000) refers (Special) to __rtentry2.o(.ARM.Collect$$rtentry$$0000000D) for __rt_entry_main
    __rtentry.o(.ARM.Collect$$rtentry$$00000000) refers (Special) to __rtentry2.o(.ARM.Collect$$rtentry$$0000000C) for __rt_entry_postli_1
    __rtentry.o(.ARM.Collect$$rtentry$$00000000) refers (Special) to __rtentry2.o(.ARM.Collect$$rtentry$$00000009) for __rt_entry_postsh_1
    __rtentry.o(.ARM.Collect$$rtentry$$00000000) refers (Special) to __rtentry2.o(.ARM.Collect$$rtentry$$00000002) for __rt_entry_presh_1
    __rtentry.o(.ARM.Collect$$rtentry$$00000000) refers (Special) to __rtentry4.o(.ARM.Collect$$rtentry$$00000004) for __rt_entry_sh
    _printf_intcommon.o(.text) refers to __printf.o(i.__ARM_common_call_via_r2) for __ARM_common_call_via_r2
    _printf_char_common.o(.text) refers to __printf.o(.text) for __printf
    __rtentry2.o(.ARM.Collect$$rtentry$$00000008) refers to boardinit2.o(.text) for _platform_post_stackheap_init
    __rtentry2.o(.ARM.Collect$$rtentry$$0000000A) refers to libinit.o(.ARM.Collect$$libinit$$00000000) for __rt_lib_init
    __rtentry2.o(.ARM.Collect$$rtentry$$0000000B) refers to boardinit3.o(.text) for _platform_post_lib_init
    __rtentry2.o(.ARM.Collect$$rtentry$$0000000D) refers to exit.o(.text) for exit
    __rtentry2.o(.ARM.Collect$$rtentry$$0000000D) refers to main.o(i.main) for main
    __rtentry2.o(.ARM.exidx) refers to __rtentry2.o(.ARM.Collect$$rtentry$$00000001) for .ARM.Collect$$rtentry$$00000001
    __rtentry2.o(.ARM.exidx) refers to __rtentry2.o(.ARM.Collect$$rtentry$$00000008) for .ARM.Collect$$rtentry$$00000008
    __rtentry2.o(.ARM.exidx) refers to __rtentry2.o(.ARM.Collect$$rtentry$$0000000A) for .ARM.Collect$$rtentry$$0000000A
    __rtentry2.o(.ARM.exidx) refers to __rtentry2.o(.ARM.Collect$$rtentry$$0000000B) for .ARM.Collect$$rtentry$$0000000B
    __rtentry2.o(.ARM.exidx) refers to __rtentry2.o(.ARM.Collect$$rtentry$$0000000D) for .ARM.Collect$$rtentry$$0000000D
    __rtentry4.o(.ARM.Collect$$rtentry$$00000004) refers to sys_stackheap_outer.o(.text) for __user_setup_stackheap
    __rtentry4.o(.ARM.exidx) refers to __rtentry4.o(.ARM.Collect$$rtentry$$00000004) for .ARM.Collect$$rtentry$$00000004
    __printf_nopercent.o(.text) refers to __printf_nopercent.o(i.__ARM_common_call_via_r7) for __ARM_common_call_via_r7
    __printf_nopercent.o(.text) refers to __printf_nopercent.o(i.__ARM_common_call_via_r5) for __ARM_common_call_via_r5
    sys_stackheap_outer.o(.text) refers to libspace.o(.text) for __user_perproc_libspace
    sys_stackheap_outer.o(.text) refers to aduc706x.o(.text) for __user_initial_stackheap
    exit.o(.text) refers to rtexit.o(.ARM.Collect$$rtexit$$00000000) for __rt_exit
    libinit.o(.ARM.Collect$$libinit$$00000000) refers (Special) to libinit2.o(.ARM.Collect$$libinit$$0000002E) for __rt_lib_init_alloca_1
    libinit.o(.ARM.Collect$$libinit$$00000000) refers (Special) to libinit2.o(.ARM.Collect$$libinit$$0000002C) for __rt_lib_init_argv_1
    libinit.o(.ARM.Collect$$libinit$$00000000) refers (Special) to libinit2.o(.ARM.Collect$$libinit$$0000001B) for __rt_lib_init_atexit_1
    libinit.o(.ARM.Collect$$libinit$$00000000) refers (Special) to libinit2.o(.ARM.Collect$$libinit$$00000021) for __rt_lib_init_clock_1
    libinit.o(.ARM.Collect$$libinit$$00000000) refers (Special) to libinit2.o(.ARM.Collect$$libinit$$00000032) for __rt_lib_init_cpp_1
    libinit.o(.ARM.Collect$$libinit$$00000000) refers (Special) to libinit2.o(.ARM.Collect$$libinit$$00000030) for __rt_lib_init_exceptions_1
    libinit.o(.ARM.Collect$$libinit$$00000000) refers (Special) to libinit2.o(.ARM.Collect$$libinit$$00000002) for __rt_lib_init_fp_1
    libinit.o(.ARM.Collect$$libinit$$00000000) refers (Special) to libinit2.o(.ARM.Collect$$libinit$$0000001F) for __rt_lib_init_fp_trap_1
    libinit.o(.ARM.Collect$$libinit$$00000000) refers (Special) to libinit2.o(.ARM.Collect$$libinit$$00000023) for __rt_lib_init_getenv_1
    libinit.o(.ARM.Collect$$libinit$$00000000) refers (Special) to libinit2.o(.ARM.Collect$$libinit$$0000000A) for __rt_lib_init_heap_1
    libinit.o(.ARM.Collect$$libinit$$00000000) refers (Special) to libinit2.o(.ARM.Collect$$libinit$$00000011) for __rt_lib_init_lc_collate_1
    libinit.o(.ARM.Collect$$libinit$$00000000) refers (Special) to libinit2.o(.ARM.Collect$$libinit$$00000013) for __rt_lib_init_lc_ctype_1
    libinit.o(.ARM.Collect$$libinit$$00000000) refers (Special) to libinit2.o(.ARM.Collect$$libinit$$00000015) for __rt_lib_init_lc_monetary_1
    libinit.o(.ARM.Collect$$libinit$$00000000) refers (Special) to libinit2.o(.ARM.Collect$$libinit$$00000017) for __rt_lib_init_lc_numeric_1
    libinit.o(.ARM.Collect$$libinit$$00000000) refers (Special) to libinit2.o(.ARM.Collect$$libinit$$00000019) for __rt_lib_init_lc_time_1
    libinit.o(.ARM.Collect$$libinit$$00000000) refers (Special) to libinit2.o(.ARM.Collect$$libinit$$00000004) for __rt_lib_init_preinit_1
    libinit.o(.ARM.Collect$$libinit$$00000000) refers (Special) to libinit2.o(.ARM.Collect$$libinit$$0000000E) for __rt_lib_init_rand_1
    libinit.o(.ARM.Collect$$libinit$$00000000) refers (Special) to libinit2.o(.ARM.Collect$$libinit$$00000033) for __rt_lib_init_return
    libinit.o(.ARM.Collect$$libinit$$00000000) refers (Special) to libinit2.o(.ARM.Collect$$libinit$$0000001D) for __rt_lib_init_signal_1
    libinit.o(.ARM.Collect$$libinit$$00000000) refers (Special) to libinit2.o(.ARM.Collect$$libinit$$00000025) for __rt_lib_init_stdio_1
    libinit.o(.ARM.Collect$$libinit$$00000000) refers (Special) to libinit2.o(.ARM.Collect$$libinit$$0000000C) for __rt_lib_init_user_alloc_1
    libspace.o(.text) refers to libspace.o(.bss) for __libspace_start
    rtexit.o(.ARM.Collect$$rtexit$$00000000) refers (Special) to rtexit2.o(.ARM.Collect$$rtexit$$00000004) for __rt_exit_exit
    rtexit.o(.ARM.Collect$$rtexit$$00000000) refers (Special) to rtexit2.o(.ARM.Collect$$rtexit$$00000003) for __rt_exit_ls
    rtexit.o(.ARM.Collect$$rtexit$$00000000) refers (Special) to rtexit2.o(.ARM.Collect$$rtexit$$00000002) for __rt_exit_prels_1
    rtexit.o(.ARM.exidx) refers (Special) to rtexit2.o(.ARM.Collect$$rtexit$$00000004) for __rt_exit_exit
    rtexit.o(.ARM.exidx) refers (Special) to rtexit2.o(.ARM.Collect$$rtexit$$00000003) for __rt_exit_ls
    rtexit.o(.ARM.exidx) refers (Special) to rtexit2.o(.ARM.Collect$$rtexit$$00000002) for __rt_exit_prels_1
    rtexit.o(.ARM.exidx) refers to rtexit.o(.ARM.Collect$$rtexit$$00000000) for .ARM.Collect$$rtexit$$00000000
    libinit2.o(.ARM.Collect$$libinit$$00000001) refers to fpinit.o(x$fpl$fpinit) for _fp_init
    libinit2.o(.ARM.Collect$$libinit$$00000010) refers to libinit2.o(.ARM.Collect$$libinit$$0000000F) for .ARM.Collect$$libinit$$0000000F
    libinit2.o(.ARM.Collect$$libinit$$00000012) refers to libinit2.o(.ARM.Collect$$libinit$$0000000F) for .ARM.Collect$$libinit$$0000000F
    libinit2.o(.ARM.Collect$$libinit$$00000014) refers to libinit2.o(.ARM.Collect$$libinit$$0000000F) for .ARM.Collect$$libinit$$0000000F
    libinit2.o(.ARM.Collect$$libinit$$00000016) refers to libinit2.o(.ARM.Collect$$libinit$$0000000F) for .ARM.Collect$$libinit$$0000000F
    libinit2.o(.ARM.Collect$$libinit$$00000018) refers to libinit2.o(.ARM.Collect$$libinit$$0000000F) for .ARM.Collect$$libinit$$0000000F
    libinit2.o(.ARM.Collect$$libinit$$00000026) refers to argv_veneer.o(.emb_text) for __ARM_argv_veneer
    libinit2.o(.ARM.Collect$$libinit$$00000027) refers to argv_veneer.o(.emb_text) for __ARM_argv_veneer
    rtexit2.o(.ARM.Collect$$rtexit$$00000003) refers to libshutdown.o(.ARM.Collect$$libshutdown$$00000000) for __rt_lib_shutdown
    rtexit2.o(.ARM.Collect$$rtexit$$00000004) refers to sys_exit.o(.text) for _sys_exit
    rtexit2.o(.ARM.exidx) refers to rtexit2.o(.ARM.Collect$$rtexit$$00000001) for .ARM.Collect$$rtexit$$00000001
    rtexit2.o(.ARM.exidx) refers to rtexit2.o(.ARM.Collect$$rtexit$$00000003) for .ARM.Collect$$rtexit$$00000003
    rtexit2.o(.ARM.exidx) refers to rtexit2.o(.ARM.Collect$$rtexit$$00000004) for .ARM.Collect$$rtexit$$00000004
    argv_veneer.o(.emb_text) refers to no_argv.o(.text) for __ARM_get_argv
    sys_exit.o(.text) refers (Special) to use_no_semi.o(.text) for __I$use$semihosting
    sys_exit.o(.text) refers (Special) to indicate_semi.o(.text) for __semihosting_library_function
    _get_argv_nomalloc.o(.text) refers (Special) to hrguard.o(.text) for __heap_region$guard
    _get_argv_nomalloc.o(.text) refers to defsig_rtmem_outer.o(.text) for __rt_SIGRTMEM
    _get_argv_nomalloc.o(.text) refers to sys_command.o(.text) for _sys_command_string
    libshutdown.o(.ARM.Collect$$libshutdown$$00000000) refers (Special) to libshutdown2.o(.ARM.Collect$$libshutdown$$00000002) for __rt_lib_shutdown_cpp_1
    libshutdown.o(.ARM.Collect$$libshutdown$$00000000) refers (Special) to libshutdown2.o(.ARM.Collect$$libshutdown$$00000007) for __rt_lib_shutdown_fp_trap_1
    libshutdown.o(.ARM.Collect$$libshutdown$$00000000) refers (Special) to libshutdown2.o(.ARM.Collect$$libshutdown$$0000000F) for __rt_lib_shutdown_heap_1
    libshutdown.o(.ARM.Collect$$libshutdown$$00000000) refers (Special) to libshutdown2.o(.ARM.Collect$$libshutdown$$00000010) for __rt_lib_shutdown_return
    libshutdown.o(.ARM.Collect$$libshutdown$$00000000) refers (Special) to libshutdown2.o(.ARM.Collect$$libshutdown$$0000000A) for __rt_lib_shutdown_signal_1
    libshutdown.o(.ARM.Collect$$libshutdown$$00000000) refers (Special) to libshutdown2.o(.ARM.Collect$$libshutdown$$00000004) for __rt_lib_shutdown_stdio_1
    libshutdown.o(.ARM.Collect$$libshutdown$$00000000) refers (Special) to libshutdown2.o(.ARM.Collect$$libshutdown$$0000000C) for __rt_lib_shutdown_user_alloc_1
    sys_command.o(.text) refers (Special) to use_no_semi.o(.text) for __I$use$semihosting
    sys_command.o(.text) refers (Special) to indicate_semi.o(.text) for __semihosting_library_function
    defsig_rtmem_outer.o(.text) refers to defsig_rtmem_inner.o(.text) for __rt_SIGRTMEM_inner
    defsig_rtmem_outer.o(.text) refers to defsig_exit.o(.text) for __sig_exit
    defsig_rtmem_formal.o(.text) refers to rt_raise.o(.text) for __rt_raise
    rt_raise.o(.text) refers to __raise.o(.text) for __raise
    rt_raise.o(.text) refers to sys_exit.o(.text) for _sys_exit
    defsig_exit.o(.text) refers to sys_exit.o(.text) for _sys_exit
    defsig_rtmem_inner.o(.text) refers to defsig_general.o(.text) for __default_signal_display
    __raise.o(.text) refers to __printf.o(i.__ARM_common_call_via_r2) for __ARM_common_call_via_r2
    __raise.o(.text) refers to defsig.o(CL$$defsig) for __default_signal_handler
    defsig_general.o(.text) refers to sys_wrch.o(.text) for _ttywrch
    sys_wrch.o(.text) refers (Special) to use_no_semi.o(.text) for __I$use$semihosting
    sys_wrch.o(.text) refers (Special) to indicate_semi.o(.text) for __semihosting_library_function
    defsig.o(CL$$defsig) refers to defsig_rtmem_inner.o(.text) for __rt_SIGRTMEM_inner
    defsig_abrt_inner.o(.text) refers to defsig_general.o(.text) for __default_signal_display
    defsig_fpe_inner.o(.text) refers to defsig_general.o(.text) for __default_signal_display
    defsig_rtred_inner.o(.text) refers to defsig_general.o(.text) for __default_signal_display
    defsig_stak_inner.o(.text) refers to defsig_general.o(.text) for __default_signal_display
    defsig_pvfn_inner.o(.text) refers to defsig_general.o(.text) for __default_signal_display
    defsig_cppl_inner.o(.text) refers to defsig_general.o(.text) for __default_signal_display
    defsig_segv_inner.o(.text) refers to defsig_general.o(.text) for __default_signal_display
    defsig_other.o(.text) refers to defsig_general.o(.text) for __default_signal_display


==============================================================================

Removing Unused input sections from the image.

    Removing aduc7060_helpers.o(i.sleep), (64 bytes).
    Removing aduc7060_helpers.o(i.turn_off_avdd), (28 bytes).
    Removing aduc7060_helpers.o(i.turn_off_led), (28 bytes).
    Removing adc.o(i.readAdc0Channel), (72 bytes).

4 unused section(s) (total 192 bytes) removed from the image.

==============================================================================

Adding Veneers to the image

    Adding TA veneer (4 bytes, Inline) for call to '_printf_percent' from __printf.o(.text).
    Adding AT veneer (8 bytes, Inline) for call to '__rt_lib_init' from __rtentry2.o(.ARM.Collect$$rtentry$$0000000A).
    Adding AT veneer (8 bytes, Inline) for call to '__rt_lib_shutdown' from rtexit2.o(.ARM.Collect$$rtexit$$00000003).
    Adding TA veneer (4 bytes, Inline) for call to '__rt_exit' from exit.o(.text).
    Adding AT veneer (8 bytes, Inline) for call to '__2sprintf' from interrupt_handlers.o(i.timer1_handler).
    Adding AT veneer (8 bytes, Inline) for call to '_printf_int_dec' from _printf_i.o(.ARM.Collect$$_printf_percent$$00000008).
    Adding AT veneer (8 bytes, Inline) for call to 'strlen' from interrupt_handlers.o(i.timer1_handler).
    Adding TA veneer (4 bytes, Inline) for call to '__rt_udiv10' from _printf_dec.o(.text).
    Adding AT veneer (8 bytes, Inline) for call to '_sys_exit' from rtexit2.o(.ARM.Collect$$rtexit$$00000004).

9 Veneer(s) (total 60 bytes) added to the image.

==============================================================================

Image Symbol Table

    Local Symbols

    Symbol Name                              Value     Ov Type        Size  Object(Section)

    ../clib/angel/boardlib.s                 0x00000000   Number         0  boardinit2.o ABSOLUTE
    ../clib/angel/boardlib.s                 0x00000000   Number         0  boardshut.o ABSOLUTE
    ../clib/angel/boardlib.s                 0x00000000   Number         0  boardinit3.o ABSOLUTE
    ../clib/angel/boardlib.s                 0x00000000   Number         0  boardinit1.o ABSOLUTE
    ../clib/angel/handlers.s                 0x00000000   Number         0  __scatter_zi.o ABSOLUTE
    ../clib/angel/handlers.s                 0x00000000   Number         0  __scatter_copy.o ABSOLUTE
    ../clib/angel/kernel.s                   0x00000000   Number         0  rtexit2.o ABSOLUTE
    ../clib/angel/kernel.s                   0x00000000   Number         0  rtexit.o ABSOLUTE
    ../clib/angel/kernel.s                   0x00000000   Number         0  __rtentry2.o ABSOLUTE
    ../clib/angel/kernel.s                   0x00000000   Number         0  __rtentry4.o ABSOLUTE
    ../clib/angel/kernel.s                   0x00000000   Number         0  __rtentry.o ABSOLUTE
    ../clib/angel/rt.s                       0x00000000   Number         0  rt_raise.o ABSOLUTE
    ../clib/angel/scatter.s                  0x00000000   Number         0  __scatter.o ABSOLUTE
    ../clib/angel/startup.s                  0x00000000   Number         0  __main.o ABSOLUTE
    ../clib/angel/sys.s                      0x00000000   Number         0  sys_stackheap_outer.o ABSOLUTE
    ../clib/angel/sys.s                      0x00000000   Number         0  libspace.o ABSOLUTE
    ../clib/angel/sys.s                      0x00000000   Number         0  use_no_semi.o ABSOLUTE
    ../clib/angel/sys.s                      0x00000000   Number         0  indicate_semi.o ABSOLUTE
    ../clib/angel/sysapp.c                   0x00000000   Number         0  sys_command.o ABSOLUTE
    ../clib/angel/sysapp.c                   0x00000000   Number         0  sys_exit.o ABSOLUTE
    ../clib/angel/sysapp.c                   0x00000000   Number         0  sys_wrch.o ABSOLUTE
    ../clib/armsys.c                         0x00000000   Number         0  _get_argv_nomalloc.o ABSOLUTE
    ../clib/armsys.c                         0x00000000   Number         0  no_argv.o ABSOLUTE
    ../clib/armsys.c                         0x00000000   Number         0  argv_veneer.o ABSOLUTE
    ../clib/armsys.c                         0x00000000   Number         0  argv_veneer.o ABSOLUTE
    ../clib/division.s                       0x00000000   Number         0  rtudiv10.o ABSOLUTE
    ../clib/heapalloc.c                      0x00000000   Number         0  hrguard.o ABSOLUTE
    ../clib/heapaux.c                        0x00000000   Number         0  heapauxi.o ABSOLUTE
    ../clib/libinit.s                        0x00000000   Number         0  libinit.o ABSOLUTE
    ../clib/libinit.s                        0x00000000   Number         0  libinit2.o ABSOLUTE
    ../clib/libinit.s                        0x00000000   Number         0  libshutdown2.o ABSOLUTE
    ../clib/libinit.s                        0x00000000   Number         0  libshutdown.o ABSOLUTE
    ../clib/memcpset.s                       0x00000000   Number         0  rt_memclr_w.o ABSOLUTE
    ../clib/printf.c                         0x00000000   Number         0  __printf.o ABSOLUTE
    ../clib/printf.c                         0x00000000   Number         0  __printf_ss.o ABSOLUTE
    ../clib/printf.c                         0x00000000   Number         0  __printf_flags_ss.o ABSOLUTE
    ../clib/printf.c                         0x00000000   Number         0  __printf_wp.o ABSOLUTE
    ../clib/printf.c                         0x00000000   Number         0  __printf_flags_wp.o ABSOLUTE
    ../clib/printf.c                         0x00000000   Number         0  __printf_ss_wp.o ABSOLUTE
    ../clib/printf.c                         0x00000000   Number         0  __printf_flags_ss_wp.o ABSOLUTE
    ../clib/printf.c                         0x00000000   Number         0  _printf_intcommon.o ABSOLUTE
    ../clib/printf.c                         0x00000000   Number         0  _printf_char_common.o ABSOLUTE
    ../clib/printf.c                         0x00000000   Number         0  __printf_nopercent.o ABSOLUTE
    ../clib/printf.c                         0x00000000   Number         0  __2sprintf.o ABSOLUTE
    ../clib/printf.c                         0x00000000   Number         0  noretval__2sprintf.o ABSOLUTE
    ../clib/printf.c                         0x00000000   Number         0  _sputc.o ABSOLUTE
    ../clib/printf.c                         0x00000000   Number         0  _printf_dec.o ABSOLUTE
    ../clib/printf.c                         0x00000000   Number         0  __printf_flags.o ABSOLUTE
    ../clib/printf_percent.s                 0x00000000   Number         0  _printf_percent_end.o ABSOLUTE
    ../clib/printf_percent.s                 0x00000000   Number         0  _printf_i.o ABSOLUTE
    ../clib/printf_percent.s                 0x00000000   Number         0  _printf_percent.o ABSOLUTE
    ../clib/printf_percent.s                 0x00000000   Number         0  _printf_d.o ABSOLUTE
    ../clib/signal.c                         0x00000000   Number         0  defsig_rtmem_inner.o ABSOLUTE
    ../clib/signal.c                         0x00000000   Number         0  __raise.o ABSOLUTE
    ../clib/signal.c                         0x00000000   Number         0  defsig_general.o ABSOLUTE
    ../clib/signal.c                         0x00000000   Number         0  defsig_segv_inner.o ABSOLUTE
    ../clib/signal.c                         0x00000000   Number         0  defsig_abrt_inner.o ABSOLUTE
    ../clib/signal.c                         0x00000000   Number         0  defsig_rtred_inner.o ABSOLUTE
    ../clib/signal.c                         0x00000000   Number         0  defsig_fpe_inner.o ABSOLUTE
    ../clib/signal.c                         0x00000000   Number         0  defsig_stak_inner.o ABSOLUTE
    ../clib/signal.c                         0x00000000   Number         0  defsig_pvfn_inner.o ABSOLUTE
    ../clib/signal.c                         0x00000000   Number         0  defsig_cppl_inner.o ABSOLUTE
    ../clib/signal.c                         0x00000000   Number         0  defsig_rtmem_formal.o ABSOLUTE
    ../clib/signal.c                         0x00000000   Number         0  defsig_other.o ABSOLUTE
    ../clib/signal.c                         0x00000000   Number         0  defsig_rtmem_outer.o ABSOLUTE
    ../clib/signal.c                         0x00000000   Number         0  defsig_exit.o ABSOLUTE
    ../clib/signal.s                         0x00000000   Number         0  defsig.o ABSOLUTE
    ../clib/stdlib.c                         0x00000000   Number         0  exit.o ABSOLUTE
    ../clib/string.c                         0x00000000   Number         0  strlen.o ABSOLUTE
    ../fplib/fpinit.s                        0x00000000   Number         0  fpinit.o ABSOLUTE
    ADuC706x.s                               0x00000000   Number         0  aduc706x.o ABSOLUTE
    adc.c                                    0x00000000   Number         0  adc.o ABSOLUTE
    aduc7060_helpers.c                       0x00000000   Number         0  aduc7060_helpers.o ABSOLUTE
    config.c                                 0x00000000   Number         0  config.o ABSOLUTE
    dc.s                                     0x00000000   Number         0  dc.o ABSOLUTE
    interrupt_handlers.c                     0x00000000   Number         0  interrupt_handlers.o ABSOLUTE
    irq_arm.c                                0x00000000   Number         0  irq_arm.o ABSOLUTE
    main.c                                   0x00000000   Number         0  main.o ABSOLUTE
    .data                                    0x00040000   Section        8  main.o(.data)
    .data                                    0x00040008   Section       24  irq_arm.o(.data)
    .bss                                     0x00040020   Section       96  libspace.o(.bss)
    HEAP                                     0x00040080   Section        0  aduc706x.o(HEAP)
    STACK                                    0x00040080   Section     1664  aduc706x.o(STACK)
    Heap_Mem                                 0x00040080   Data           0  aduc706x.o(HEAP)
    Stack_Mem                                0x00040080   Data        1024  aduc706x.o(STACK)
    Stack_Top                                0x00040700   Data           0  aduc706x.o(STACK)
    RESET                                    0x00080000   Section      156  aduc706x.o(RESET)
    !!!main                                  0x0008009c   Section        8  __main.o(!!!main)
    !!!scatter                               0x000800a4   Section       60  __scatter.o(!!!scatter)
    !!handler_copy                           0x000800e0   Section       40  __scatter_copy.o(!!handler_copy)
    !!handler_zi                             0x00080108   Section       44  __scatter_zi.o(!!handler_zi)
    .ARM.Collect$$_printf_percent$$00000000  0x00080138   Section        0  _printf_percent.o(.ARM.Collect$$_printf_percent$$00000000)
    .ARM.Collect$$_printf_percent$$00000008  0x00080138   Section        8  _printf_i.o(.ARM.Collect$$_printf_percent$$00000008)
    .ARM.Collect$$_printf_percent$$00000009  0x00080140   Section        8  _printf_d.o(.ARM.Collect$$_printf_percent$$00000009)
    .ARM.Collect$$_printf_percent$$00000017  0x00080148   Section        8  _printf_percent_end.o(.ARM.Collect$$_printf_percent$$00000017)
    .ARM.Collect$$libinit$$00000000          0x00080158   Section        2  libinit.o(.ARM.Collect$$libinit$$00000000)
    .ARM.Collect$$libinit$$00000002          0x0008015a   Section        0  libinit2.o(.ARM.Collect$$libinit$$00000002)
    .ARM.Collect$$libinit$$00000004          0x0008015a   Section        0  libinit2.o(.ARM.Collect$$libinit$$00000004)
    .ARM.Collect$$libinit$$0000000A          0x0008015a   Section        0  libinit2.o(.ARM.Collect$$libinit$$0000000A)
    .ARM.Collect$$libinit$$0000000C          0x0008015a   Section        0  libinit2.o(.ARM.Collect$$libinit$$0000000C)
    .ARM.Collect$$libinit$$0000000E          0x0008015a   Section        0  libinit2.o(.ARM.Collect$$libinit$$0000000E)
    .ARM.Collect$$libinit$$00000011          0x0008015a   Section        0  libinit2.o(.ARM.Collect$$libinit$$00000011)
    .ARM.Collect$$libinit$$00000013          0x0008015a   Section        0  libinit2.o(.ARM.Collect$$libinit$$00000013)
    .ARM.Collect$$libinit$$00000015          0x0008015a   Section        0  libinit2.o(.ARM.Collect$$libinit$$00000015)
    .ARM.Collect$$libinit$$00000017          0x0008015a   Section        0  libinit2.o(.ARM.Collect$$libinit$$00000017)
    .ARM.Collect$$libinit$$00000019          0x0008015a   Section        0  libinit2.o(.ARM.Collect$$libinit$$00000019)
    .ARM.Collect$$libinit$$0000001B          0x0008015a   Section        0  libinit2.o(.ARM.Collect$$libinit$$0000001B)
    .ARM.Collect$$libinit$$0000001D          0x0008015a   Section        0  libinit2.o(.ARM.Collect$$libinit$$0000001D)
    .ARM.Collect$$libinit$$0000001F          0x0008015a   Section        0  libinit2.o(.ARM.Collect$$libinit$$0000001F)
    .ARM.Collect$$libinit$$00000021          0x0008015a   Section        0  libinit2.o(.ARM.Collect$$libinit$$00000021)
    .ARM.Collect$$libinit$$00000023          0x0008015a   Section        0  libinit2.o(.ARM.Collect$$libinit$$00000023)
    .ARM.Collect$$libinit$$00000025          0x0008015a   Section        0  libinit2.o(.ARM.Collect$$libinit$$00000025)
    .ARM.Collect$$libinit$$0000002C          0x0008015a   Section        0  libinit2.o(.ARM.Collect$$libinit$$0000002C)
    .ARM.Collect$$libinit$$0000002E          0x0008015a   Section        0  libinit2.o(.ARM.Collect$$libinit$$0000002E)
    .ARM.Collect$$libinit$$00000030          0x0008015a   Section        0  libinit2.o(.ARM.Collect$$libinit$$00000030)
    .ARM.Collect$$libinit$$00000032          0x0008015a   Section        0  libinit2.o(.ARM.Collect$$libinit$$00000032)
    .ARM.Collect$$libinit$$00000033          0x0008015a   Section       12  libinit2.o(.ARM.Collect$$libinit$$00000033)
    .ARM.Collect$$libshutdown$$00000000      0x00080170   Section        4  libshutdown.o(.ARM.Collect$$libshutdown$$00000000)
    .ARM.Collect$$libshutdown$$00000002      0x00080174   Section        0  libshutdown2.o(.ARM.Collect$$libshutdown$$00000002)
    .ARM.Collect$$libshutdown$$00000004      0x00080174   Section        0  libshutdown2.o(.ARM.Collect$$libshutdown$$00000004)
    .ARM.Collect$$libshutdown$$00000007      0x00080174   Section        0  libshutdown2.o(.ARM.Collect$$libshutdown$$00000007)
    .ARM.Collect$$libshutdown$$0000000A      0x00080174   Section        0  libshutdown2.o(.ARM.Collect$$libshutdown$$0000000A)
    .ARM.Collect$$libshutdown$$0000000C      0x00080174   Section        0  libshutdown2.o(.ARM.Collect$$libshutdown$$0000000C)
    .ARM.Collect$$libshutdown$$0000000F      0x00080174   Section        0  libshutdown2.o(.ARM.Collect$$libshutdown$$0000000F)
    .ARM.Collect$$libshutdown$$00000010      0x00080174   Section        6  libshutdown2.o(.ARM.Collect$$libshutdown$$00000010)
    .ARM.Collect$$rtentry$$00000000          0x0008017c   Section        0  __rtentry.o(.ARM.Collect$$rtentry$$00000000)
    .ARM.Collect$$rtentry$$00000002          0x0008017c   Section        0  __rtentry2.o(.ARM.Collect$$rtentry$$00000002)
    .ARM.Collect$$rtentry$$00000004          0x0008017c   Section        8  __rtentry4.o(.ARM.Collect$$rtentry$$00000004)
    .ARM.Collect$$rtentry$$00000009          0x00080184   Section        0  __rtentry2.o(.ARM.Collect$$rtentry$$00000009)
    .ARM.Collect$$rtentry$$0000000A          0x00080184   Section        4  __rtentry2.o(.ARM.Collect$$rtentry$$0000000A)
    .ARM.Collect$$rtentry$$0000000C          0x00080188   Section        0  __rtentry2.o(.ARM.Collect$$rtentry$$0000000C)
    .ARM.Collect$$rtentry$$0000000D          0x00080188   Section       40  __rtentry2.o(.ARM.Collect$$rtentry$$0000000D)
    .ARM.Collect$$rtexit$$00000000           0x000801b4   Section        4  rtexit.o(.ARM.Collect$$rtexit$$00000000)
    .ARM.Collect$$rtexit$$00000002           0x000801b8   Section        0  rtexit2.o(.ARM.Collect$$rtexit$$00000002)
    .ARM.Collect$$rtexit$$00000003           0x000801b8   Section        4  rtexit2.o(.ARM.Collect$$rtexit$$00000003)
    .ARM.Collect$$rtexit$$00000004           0x000801bc   Section        8  rtexit2.o(.ARM.Collect$$rtexit$$00000004)
    .text                                    0x000801c4   Section       32  aduc706x.o(.text)
    .text                                    0x000801ec   Section        0  noretval__2sprintf.o(.text)
    .text                                    0x00080214   Section        0  __printf.o(.text)
    .text                                    0x00080294   Section        0  _printf_dec.o(.text)
    .text                                    0x0008030c   Section        0  strlen.o(.text)
    .text                                    0x00080350   Section       84  rt_memclr_w.o(.text)
    .text                                    0x000803a4   Section        0  heapauxi.o(.text)
    .text                                    0x000803aa   Section        0  _printf_intcommon.o(.text)
    .text                                    0x00080464   Section        0  _printf_char_common.o(.text)
    _printf_input_char                       0x00080465   Thumb Code    10  _printf_char_common.o(.text)
    .text                                    0x00080494   Section        0  _sputc.o(.text)
    .text                                    0x000804a4   Section       44  rtudiv10.o(.text)
    .text                                    0x000804d0   Section       96  sys_stackheap_outer.o(.text)
    .text                                    0x00080530   Section        0  exit.o(.text)
    .text                                    0x00080544   Section       12  libspace.o(.text)
    .text                                    0x00080558   Section        0  sys_exit.o(.text)
    .text                                    0x00080564   Section        4  use_no_semi.o(.text)
    .text                                    0x00080568   Section        0  indicate_semi.o(.text)
    i.DAbt_Handler                           0x00080568   Section        0  irq_arm.o(i.DAbt_Handler)
    i.FIQ_Handler                            0x00080598   Section        0  irq_arm.o(i.FIQ_Handler)
    i.IRQ_Handler                            0x000805c8   Section        0  main.o(i.IRQ_Handler)
    i.PAbt_Handler                           0x000806ac   Section        0  irq_arm.o(i.PAbt_Handler)
    i.SWI_Handler                            0x000806dc   Section        0  irq_arm.o(i.SWI_Handler)
    i.Undef_Handler                          0x0008070c   Section        0  irq_arm.o(i.Undef_Handler)
    i.__ARM_common_call_via_r1               0x0008073c   Section        0  __printf.o(i.__ARM_common_call_via_r1)
    i.__ARM_common_call_via_r2               0x0008073e   Section        0  __printf.o(i.__ARM_common_call_via_r2)
    i.delay                                  0x00080740   Section        0  interrupt_handlers.o(i.delay)
    i.enable_mux_channel                     0x00080758   Section        0  aduc7060_helpers.o(i.enable_mux_channel)
    i.initAdc                                0x00080790   Section        0  aduc7060_helpers.o(i.initAdc)
    i.initGpio                               0x000807bc   Section        0  aduc7060_helpers.o(i.initGpio)
    i.initI2C                                0x000807fc   Section        0  aduc7060_helpers.o(i.initI2C)
    i.initInterrupts                         0x00080874   Section        0  aduc7060_helpers.o(i.initInterrupts)
    i.initUart                               0x000808b0   Section        0  aduc7060_helpers.o(i.initUart)
    i.main                                   0x00080900   Section        0  main.o(i.main)
    i.readAdc1Channel                        0x00080924   Section        0  adc.o(i.readAdc1Channel)
    i.readAdcChannels                        0x0008096c   Section        0  adc.o(i.readAdcChannels)
    i.setIRQCONE                             0x000809dc   Section        0  config.o(i.setIRQCONE)
    i.setIRQEN                               0x000809f4   Section        0  config.o(i.setIRQEN)
    i.setT1CON                               0x00080a0c   Section        0  config.o(i.setT1CON)
    i.timer1_handler                         0x00080a24   Section        0  interrupt_handlers.o(i.timer1_handler)
    i.turn_on_avdd                           0x00080d44   Section        0  aduc7060_helpers.o(i.turn_on_avdd)
    i.turn_on_led                            0x00080d60   Section        0  aduc7060_helpers.o(i.turn_on_led)
    i.wake                                   0x00080d7c   Section        0  aduc7060_helpers.o(i.wake)
    .conststring                             0x00080dcc   Section       79  interrupt_handlers.o(.conststring)

    Global Symbols

    Symbol Name                              Value     Ov Type        Size  Object(Section)

    BuildAttributes$$THM_ISAv1$ARM_ISAv4$S$PE$A:L22$X:L11$S22$IEEE1$IW$USESV6$~STKCKD$USESV7$~SHL$OSPACE$ROPI$EBA8$UX$STANDARDLIB$REQ8$PRES8$EABIv2 0x00000000   Number         0  anon$$obj.o ABSOLUTE
    __ARM_use_no_argv                        0x00000000   Number         0  main.o ABSOLUTE
    __ARM_exceptions_init                     - Undefined Weak Reference
    __alloca_initialize                       - Undefined Weak Reference
    __arm_preinit_                            - Undefined Weak Reference
    __cpp_initialize__aeabi_                  - Undefined Weak Reference
    __cxa_finalize                            - Undefined Weak Reference
    __rt_locale                               - Undefined Weak Reference
    __sigvec_lookup                           - Undefined Weak Reference
    _atexit_init                              - Undefined Weak Reference
    _call_atexit_fns                          - Undefined Weak Reference
    _clock_init                               - Undefined Weak Reference
    _fp_trap_init                             - Undefined Weak Reference
    _fp_trap_shutdown                         - Undefined Weak Reference
    _get_lc_collate                           - Undefined Weak Reference
    _get_lc_ctype                             - Undefined Weak Reference
    _get_lc_monetary                          - Undefined Weak Reference
    _get_lc_numeric                           - Undefined Weak Reference
    _get_lc_time                              - Undefined Weak Reference
    _getenv_init                              - Undefined Weak Reference
    _handle_redirection                       - Undefined Weak Reference
    _init_alloc                               - Undefined Weak Reference
    _init_user_alloc                          - Undefined Weak Reference
    _initio                                   - Undefined Weak Reference
    _printf_post_padding                      - Undefined Weak Reference
    _printf_pre_padding                       - Undefined Weak Reference
    _printf_truncate_signed                   - Undefined Weak Reference
    _printf_truncate_unsigned                 - Undefined Weak Reference
    _rand_init                                - Undefined Weak Reference
    _signal_finish                            - Undefined Weak Reference
    _signal_init                              - Undefined Weak Reference
    _terminate_alloc                          - Undefined Weak Reference
    _terminate_user_alloc                     - Undefined Weak Reference
    _terminateio                              - Undefined Weak Reference
    cycle1_complete                          0x00040000   Data           4  main.o(.data)
    power_saving_mode_en                     0x00040004   Data           4  main.o(.data)
    IRQ                                      0x00040008   Data           4  irq_arm.o(.data)
    SWI                                      0x0004000c   Data           4  irq_arm.o(.data)
    FIQ                                      0x00040010   Data           4  irq_arm.o(.data)
    UNDEF                                    0x00040014   Data           4  irq_arm.o(.data)
    PABORT                                   0x00040018   Data           4  irq_arm.o(.data)
    DABORT                                   0x0004001c   Data           4  irq_arm.o(.data)
    __libspace_start                         0x00040020   Data          96  libspace.o(.bss)
    __temporary_stack_top$libspace           0x00040080   Data           0  libspace.o(.bss)
    Reset_Handler                            0x00080040   ARM Code       0  aduc706x.o(RESET)
    __main                                   0x0008009c   ARM Code       8  __main.o(!!!main)
    __scatterload                            0x000800a4   ARM Code       0  __scatter.o(!!!scatter)
    __scatterload_rt2                        0x000800a4   ARM Code      52  __scatter.o(!!!scatter)
    __scatterload_null                       0x000800b8   ARM Code       0  __scatter.o(!!!scatter)
    __scatterload_copy                       0x000800e0   ARM Code      40  __scatter_copy.o(!!handler_copy)
    __scatterload_zeroinit                   0x00080108   ARM Code      44  __scatter_zi.o(!!handler_zi)
    Inline Thumb to ARM Veneer to _printf_percent 0x00080135   Thumb Code     4  _printf_percent.o(.ARM.Collect$$_printf_percent$$00000000)
    _printf_i                                0x00080138   ARM Code       0  _printf_i.o(.ARM.Collect$$_printf_percent$$00000008)
    _printf_percent                          0x00080138   ARM Code       0  _printf_percent.o(.ARM.Collect$$_printf_percent$$00000000)
    _printf_d                                0x00080140   ARM Code       0  _printf_d.o(.ARM.Collect$$_printf_percent$$00000009)
    _printf_percent_end                      0x00080148   ARM Code       0  _printf_percent_end.o(.ARM.Collect$$_printf_percent$$00000017)
    Inline ARM to Thumb Veneer to __rt_lib_init 0x00080150   ARM Code       8  libinit.o(.ARM.Collect$$libinit$$00000000)
    __rt_lib_init                            0x00080159   Thumb Code     0  libinit.o(.ARM.Collect$$libinit$$00000000)
    __rt_lib_init_alloca_1                   0x0008015b   Thumb Code     0  libinit2.o(.ARM.Collect$$libinit$$0000002E)
    __rt_lib_init_argv_1                     0x0008015b   Thumb Code     0  libinit2.o(.ARM.Collect$$libinit$$0000002C)
    __rt_lib_init_atexit_1                   0x0008015b   Thumb Code     0  libinit2.o(.ARM.Collect$$libinit$$0000001B)
    __rt_lib_init_clock_1                    0x0008015b   Thumb Code     0  libinit2.o(.ARM.Collect$$libinit$$00000021)
    __rt_lib_init_cpp_1                      0x0008015b   Thumb Code     0  libinit2.o(.ARM.Collect$$libinit$$00000032)
    __rt_lib_init_exceptions_1               0x0008015b   Thumb Code     0  libinit2.o(.ARM.Collect$$libinit$$00000030)
    __rt_lib_init_fp_1                       0x0008015b   Thumb Code     0  libinit2.o(.ARM.Collect$$libinit$$00000002)
    __rt_lib_init_fp_trap_1                  0x0008015b   Thumb Code     0  libinit2.o(.ARM.Collect$$libinit$$0000001F)
    __rt_lib_init_getenv_1                   0x0008015b   Thumb Code     0  libinit2.o(.ARM.Collect$$libinit$$00000023)
    __rt_lib_init_heap_1                     0x0008015b   Thumb Code     0  libinit2.o(.ARM.Collect$$libinit$$0000000A)
    __rt_lib_init_lc_collate_1               0x0008015b   Thumb Code     0  libinit2.o(.ARM.Collect$$libinit$$00000011)
    __rt_lib_init_lc_ctype_1                 0x0008015b   Thumb Code     0  libinit2.o(.ARM.Collect$$libinit$$00000013)
    __rt_lib_init_lc_monetary_1              0x0008015b   Thumb Code     0  libinit2.o(.ARM.Collect$$libinit$$00000015)
    __rt_lib_init_lc_numeric_1               0x0008015b   Thumb Code     0  libinit2.o(.ARM.Collect$$libinit$$00000017)
    __rt_lib_init_lc_time_1                  0x0008015b   Thumb Code     0  libinit2.o(.ARM.Collect$$libinit$$00000019)
    __rt_lib_init_preinit_1                  0x0008015b   Thumb Code     0  libinit2.o(.ARM.Collect$$libinit$$00000004)
    __rt_lib_init_rand_1                     0x0008015b   Thumb Code     0  libinit2.o(.ARM.Collect$$libinit$$0000000E)
    __rt_lib_init_return                     0x0008015b   Thumb Code     0  libinit2.o(.ARM.Collect$$libinit$$00000033)
    __rt_lib_init_signal_1                   0x0008015b   Thumb Code     0  libinit2.o(.ARM.Collect$$libinit$$0000001D)
    __rt_lib_init_stdio_1                    0x0008015b   Thumb Code     0  libinit2.o(.ARM.Collect$$libinit$$00000025)
    __rt_lib_init_user_alloc_1               0x0008015b   Thumb Code     0  libinit2.o(.ARM.Collect$$libinit$$0000000C)
    Inline ARM to Thumb Veneer to __rt_lib_shutdown 0x00080168   ARM Code       8  libshutdown.o(.ARM.Collect$$libshutdown$$00000000)
    __rt_lib_shutdown                        0x00080171   Thumb Code     0  libshutdown.o(.ARM.Collect$$libshutdown$$00000000)
    __rt_lib_shutdown_cpp_1                  0x00080175   Thumb Code     0  libshutdown2.o(.ARM.Collect$$libshutdown$$00000002)
    __rt_lib_shutdown_fp_trap_1              0x00080175   Thumb Code     0  libshutdown2.o(.ARM.Collect$$libshutdown$$00000007)
    __rt_lib_shutdown_heap_1                 0x00080175   Thumb Code     0  libshutdown2.o(.ARM.Collect$$libshutdown$$0000000F)
    __rt_lib_shutdown_return                 0x00080175   Thumb Code     0  libshutdown2.o(.ARM.Collect$$libshutdown$$00000010)
    __rt_lib_shutdown_signal_1               0x00080175   Thumb Code     0  libshutdown2.o(.ARM.Collect$$libshutdown$$0000000A)
    __rt_lib_shutdown_stdio_1                0x00080175   Thumb Code     0  libshutdown2.o(.ARM.Collect$$libshutdown$$00000004)
    __rt_lib_shutdown_user_alloc_1           0x00080175   Thumb Code     0  libshutdown2.o(.ARM.Collect$$libshutdown$$0000000C)
    __rt_entry                               0x0008017c   ARM Code       0  __rtentry.o(.ARM.Collect$$rtentry$$00000000)
    __rt_entry_presh_1                       0x0008017c   ARM Code       0  __rtentry2.o(.ARM.Collect$$rtentry$$00000002)
    __rt_entry_sh                            0x0008017c   ARM Code       0  __rtentry4.o(.ARM.Collect$$rtentry$$00000004)
    __rt_entry_li                            0x00080184   ARM Code       0  __rtentry2.o(.ARM.Collect$$rtentry$$0000000A)
    __rt_entry_postsh_1                      0x00080184   ARM Code       0  __rtentry2.o(.ARM.Collect$$rtentry$$00000009)
    __rt_entry_main                          0x00080188   ARM Code       0  __rtentry2.o(.ARM.Collect$$rtentry$$0000000D)
    __rt_entry_postli_1                      0x00080188   ARM Code       0  __rtentry2.o(.ARM.Collect$$rtentry$$0000000C)
    Inline Thumb to ARM Veneer to __rt_exit  0x000801b1   Thumb Code     4  rtexit.o(.ARM.Collect$$rtexit$$00000000)
    __rt_exit                                0x000801b4   ARM Code       0  rtexit.o(.ARM.Collect$$rtexit$$00000000)
    __rt_exit_ls                             0x000801b8   ARM Code       0  rtexit2.o(.ARM.Collect$$rtexit$$00000003)
    __rt_exit_prels_1                        0x000801b8   ARM Code       0  rtexit2.o(.ARM.Collect$$rtexit$$00000002)
    __rt_exit_exit                           0x000801bc   ARM Code       0  rtexit2.o(.ARM.Collect$$rtexit$$00000004)
    __user_initial_stackheap                 0x000801c4   ARM Code       0  aduc706x.o(.text)
    Inline ARM to Thumb Veneer to __2sprintf 0x000801e4   ARM Code       8  noretval__2sprintf.o(.text)
    __2sprintf                               0x000801ed   Thumb Code    36  noretval__2sprintf.o(.text)
    __printf                                 0x00080215   Thumb Code   118  __printf.o(.text)
    Inline ARM to Thumb Veneer to _printf_int_dec 0x0008028c   ARM Code       8  _printf_dec.o(.text)
    _printf_int_dec                          0x00080295   Thumb Code    94  _printf_dec.o(.text)
    Inline ARM to Thumb Veneer to strlen     0x00080304   ARM Code       8  strlen.o(.text)
    strlen                                   0x0008030d   Thumb Code    64  strlen.o(.text)
    __aeabi_memclr4                          0x00080350   ARM Code       0  rt_memclr_w.o(.text)
    __aeabi_memclr8                          0x00080350   ARM Code       0  rt_memclr_w.o(.text)
    __rt_memclr_w                            0x00080350   ARM Code      84  rt_memclr_w.o(.text)
    _memset_w                                0x00080354   ARM Code       0  rt_memclr_w.o(.text)
    __use_two_region_memory                  0x000803a5   Thumb Code     2  heapauxi.o(.text)
    __rt_heap_escrow$2region                 0x000803a7   Thumb Code     2  heapauxi.o(.text)
    __rt_heap_expand$2region                 0x000803a9   Thumb Code     2  heapauxi.o(.text)
    _printf_int_common                       0x000803ab   Thumb Code   186  _printf_intcommon.o(.text)
    _printf_char_common                      0x0008046f   Thumb Code    34  _printf_char_common.o(.text)
    _sputc                                   0x00080495   Thumb Code    10  _sputc.o(.text)
    Inline Thumb to ARM Veneer to __rt_udiv10 0x000804a1   Thumb Code     4  rtudiv10.o(.text)
    __rt_udiv10                              0x000804a4   ARM Code      44  rtudiv10.o(.text)
    __user_setup_stackheap                   0x000804d0   ARM Code      96  sys_stackheap_outer.o(.text)
    exit                                     0x00080531   Thumb Code    20  exit.o(.text)
    __user_libspace                          0x00080544   ARM Code      12  libspace.o(.text)
    __user_perproc_libspace                  0x00080544   ARM Code       0  libspace.o(.text)
    __user_perthread_libspace                0x00080544   ARM Code       0  libspace.o(.text)
    Inline ARM to Thumb Veneer to _sys_exit  0x00080550   ARM Code       8  sys_exit.o(.text)
    _sys_exit                                0x00080559   Thumb Code     8  sys_exit.o(.text)
    __I$use$semihosting                      0x00080564   ARM Code       0  use_no_semi.o(.text)
    __use_no_semihosting_swi                 0x00080564   ARM Code       4  use_no_semi.o(.text)
    DAbt_Handler                             0x00080568   ARM Code      44  irq_arm.o(i.DAbt_Handler)
    __semihosting_library_function           0x00080568   ARM Code       0  indicate_semi.o(.text)
    FIQ_Handler                              0x00080598   ARM Code      44  irq_arm.o(i.FIQ_Handler)
    IRQ_Handler                              0x000805c8   ARM Code     212  main.o(i.IRQ_Handler)
    PAbt_Handler                             0x000806ac   ARM Code      44  irq_arm.o(i.PAbt_Handler)
    SWI_Handler                              0x000806dc   ARM Code      44  irq_arm.o(i.SWI_Handler)
    Undef_Handler                            0x0008070c   ARM Code      44  irq_arm.o(i.Undef_Handler)
    __ARM_common_call_via_r1                 0x0008073d   Thumb Code     2  __printf.o(i.__ARM_common_call_via_r1)
    __ARM_common_call_via_r2                 0x0008073f   Thumb Code     2  __printf.o(i.__ARM_common_call_via_r2)
    delay                                    0x00080740   ARM Code      24  interrupt_handlers.o(i.delay)
    enable_mux_channel                       0x00080758   ARM Code      52  aduc7060_helpers.o(i.enable_mux_channel)
    initAdc                                  0x00080790   ARM Code      40  aduc7060_helpers.o(i.initAdc)
    initGpio                                 0x000807bc   ARM Code      60  aduc7060_helpers.o(i.initGpio)
    initI2C                                  0x000807fc   ARM Code     100  aduc7060_helpers.o(i.initI2C)
    initInterrupts                           0x00080874   ARM Code      56  aduc7060_helpers.o(i.initInterrupts)
    initUart                                 0x000808b0   ARM Code      72  aduc7060_helpers.o(i.initUart)
    main                                     0x00080900   ARM Code      36  main.o(i.main)
    readAdc1Channel                          0x00080924   ARM Code      60  adc.o(i.readAdc1Channel)
    readAdcChannels                          0x0008096c   ARM Code      96  adc.o(i.readAdcChannels)
    setIRQCONE                               0x000809dc   ARM Code      24  config.o(i.setIRQCONE)
    setIRQEN                                 0x000809f4   ARM Code      24  config.o(i.setIRQEN)
    setT1CON                                 0x00080a0c   ARM Code      24  config.o(i.setT1CON)
    timer1_handler                           0x00080a24   ARM Code     780  interrupt_handlers.o(i.timer1_handler)
    turn_on_avdd                             0x00080d44   ARM Code      24  aduc7060_helpers.o(i.turn_on_avdd)
    turn_on_led                              0x00080d60   ARM Code      24  aduc7060_helpers.o(i.turn_on_led)
    wake                                     0x00080d7c   ARM Code      76  aduc7060_helpers.o(i.wake)
    Region$$Table$$Base                      0x00080e1c   Number         0  anon$$obj.o(Region$$Table)
    Region$$Table$$Limit                     0x00080e3c   Number         0  anon$$obj.o(Region$$Table)



==============================================================================

Memory Map of the image

  Image Entry point : 0x0008009c

  Load Region LR_IROM1 (Base: 0x00080000, Size: 0x00000e5c, Max: 0x00007800, ABSOLUTE)

    Execution Region RW_IRAM1 (Exec base: 0x00040000, Load base: 0x00080e3c, Size: 0x00000700, Max: 0x00001000, ABSOLUTE)

    Exec Addr    Load Addr    Size         Type   Attr      Idx    E Section Name        Object

    0x00040000   0x00080e3c   0x00000008   Data   RW           13    .data               main.o
    0x00040008   0x00080e44   0x00000018   Data   RW          185    .data               irq_arm.o
    0x00040020        -       0x00000060   Zero   RW          329    .bss                c_t.l(libspace.o)
    0x00040080        -       0x00000000   Zero   RW            2    HEAP                aduc706x.o
    0x00040080        -       0x00000680   Zero   RW            1    STACK               aduc706x.o


    Execution Region ER_IROM1 (Exec base: 0x00080000, Load base: 0x00080000, Size: 0x00000e3c, Max: 0x00007800, ABSOLUTE)

    Exec Addr    Load Addr    Size         Type   Attr      Idx    E Section Name        Object

    0x00080000   0x00080000   0x0000009c   Code   RO            3    RESET               aduc706x.o
    0x0008009c   0x0008009c   0x00000008   Code   RO          285  * !!!main             c_t.l(__main.o)
    0x000800a4   0x000800a4   0x0000003c   Code   RO          457    !!!scatter          c_t.l(__scatter.o)
    0x000800e0   0x000800e0   0x00000028   Code   RO          459    !!handler_copy      c_t.l(__scatter_copy.o)
    0x00080108   0x00080108   0x0000002c   Code   RO          461    !!handler_zi        c_t.l(__scatter_zi.o)
    0x00080134   0x00080134   0x00000004   Ven    RO          278    .ARM.Collect$$_printf_percent$$00000000  c_t.l(_printf_percent.o)
    0x00080138   0x00080138   0x00000000   Code   RO          278    .ARM.Collect$$_printf_percent$$00000000  c_t.l(_printf_percent.o)
    0x00080138   0x00080138   0x00000008   Code   RO          276    .ARM.Collect$$_printf_percent$$00000008  c_t.l(_printf_i.o)
    0x00080140   0x00080140   0x00000008   Code   RO          277    .ARM.Collect$$_printf_percent$$00000009  c_t.l(_printf_d.o)
    0x00080148   0x00080148   0x00000008   Code   RO          294    .ARM.Collect$$_printf_percent$$00000017  c_t.l(_printf_percent_end.o)
    0x00080150   0x00080150   0x00000008   Ven    RO          327    .ARM.Collect$$libinit$$00000000  c_t.l(libinit.o)
    0x00080158   0x00080158   0x00000002   Code   RO          327    .ARM.Collect$$libinit$$00000000  c_t.l(libinit.o)
    0x0008015a   0x0008015a   0x00000000   Code   RO          334    .ARM.Collect$$libinit$$00000002  c_t.l(libinit2.o)
    0x0008015a   0x0008015a   0x00000000   Code   RO          336    .ARM.Collect$$libinit$$00000004  c_t.l(libinit2.o)
    0x0008015a   0x0008015a   0x00000000   Code   RO          339    .ARM.Collect$$libinit$$0000000A  c_t.l(libinit2.o)
    0x0008015a   0x0008015a   0x00000000   Code   RO          341    .ARM.Collect$$libinit$$0000000C  c_t.l(libinit2.o)
    0x0008015a   0x0008015a   0x00000000   Code   RO          343    .ARM.Collect$$libinit$$0000000E  c_t.l(libinit2.o)
    0x0008015a   0x0008015a   0x00000000   Code   RO          346    .ARM.Collect$$libinit$$00000011  c_t.l(libinit2.o)
    0x0008015a   0x0008015a   0x00000000   Code   RO          348    .ARM.Collect$$libinit$$00000013  c_t.l(libinit2.o)
    0x0008015a   0x0008015a   0x00000000   Code   RO          350    .ARM.Collect$$libinit$$00000015  c_t.l(libinit2.o)
    0x0008015a   0x0008015a   0x00000000   Code   RO          352    .ARM.Collect$$libinit$$00000017  c_t.l(libinit2.o)
    0x0008015a   0x0008015a   0x00000000   Code   RO          354    .ARM.Collect$$libinit$$00000019  c_t.l(libinit2.o)
    0x0008015a   0x0008015a   0x00000000   Code   RO          356    .ARM.Collect$$libinit$$0000001B  c_t.l(libinit2.o)
    0x0008015a   0x0008015a   0x00000000   Code   RO          358    .ARM.Collect$$libinit$$0000001D  c_t.l(libinit2.o)
    0x0008015a   0x0008015a   0x00000000   Code   RO          360    .ARM.Collect$$libinit$$0000001F  c_t.l(libinit2.o)
    0x0008015a   0x0008015a   0x00000000   Code   RO          362    .ARM.Collect$$libinit$$00000021  c_t.l(libinit2.o)
    0x0008015a   0x0008015a   0x00000000   Code   RO          364    .ARM.Collect$$libinit$$00000023  c_t.l(libinit2.o)
    0x0008015a   0x0008015a   0x00000000   Code   RO          366    .ARM.Collect$$libinit$$00000025  c_t.l(libinit2.o)
    0x0008015a   0x0008015a   0x00000000   Code   RO          370    .ARM.Collect$$libinit$$0000002C  c_t.l(libinit2.o)
    0x0008015a   0x0008015a   0x00000000   Code   RO          372    .ARM.Collect$$libinit$$0000002E  c_t.l(libinit2.o)
    0x0008015a   0x0008015a   0x00000000   Code   RO          374    .ARM.Collect$$libinit$$00000030  c_t.l(libinit2.o)
    0x0008015a   0x0008015a   0x00000000   Code   RO          376    .ARM.Collect$$libinit$$00000032  c_t.l(libinit2.o)
    0x0008015a   0x0008015a   0x0000000c   Code   RO          377    .ARM.Collect$$libinit$$00000033  c_t.l(libinit2.o)
    0x00080166   0x00080166   0x00000002   PAD
    0x00080168   0x00080168   0x00000008   Ven    RO          397    .ARM.Collect$$libshutdown$$00000000  c_t.l(libshutdown.o)
    0x00080170   0x00080170   0x00000004   Code   RO          397    .ARM.Collect$$libshutdown$$00000000  c_t.l(libshutdown.o)
    0x00080174   0x00080174   0x00000000   Code   RO          410    .ARM.Collect$$libshutdown$$00000002  c_t.l(libshutdown2.o)
    0x00080174   0x00080174   0x00000000   Code   RO          412    .ARM.Collect$$libshutdown$$00000004  c_t.l(libshutdown2.o)
    0x00080174   0x00080174   0x00000000   Code   RO          415    .ARM.Collect$$libshutdown$$00000007  c_t.l(libshutdown2.o)
    0x00080174   0x00080174   0x00000000   Code   RO          418    .ARM.Collect$$libshutdown$$0000000A  c_t.l(libshutdown2.o)
    0x00080174   0x00080174   0x00000000   Code   RO          420    .ARM.Collect$$libshutdown$$0000000C  c_t.l(libshutdown2.o)
    0x00080174   0x00080174   0x00000000   Code   RO          423    .ARM.Collect$$libshutdown$$0000000F  c_t.l(libshutdown2.o)
    0x00080174   0x00080174   0x00000006   Code   RO          424    .ARM.Collect$$libshutdown$$00000010  c_t.l(libshutdown2.o)
    0x0008017a   0x0008017a   0x00000002   PAD
    0x0008017c   0x0008017c   0x00000000   Code   RO          287    .ARM.Collect$$rtentry$$00000000  c_t.l(__rtentry.o)
    0x0008017c   0x0008017c   0x00000000   Code   RO          298    .ARM.Collect$$rtentry$$00000002  c_t.l(__rtentry2.o)
    0x0008017c   0x0008017c   0x00000008   Code   RO          310    .ARM.Collect$$rtentry$$00000004  c_t.l(__rtentry4.o)
    0x00080184   0x00080184   0x00000000   Code   RO          300    .ARM.Collect$$rtentry$$00000009  c_t.l(__rtentry2.o)
    0x00080184   0x00080184   0x00000004   Code   RO          301    .ARM.Collect$$rtentry$$0000000A  c_t.l(__rtentry2.o)
    0x00080188   0x00080188   0x00000000   Code   RO          303    .ARM.Collect$$rtentry$$0000000C  c_t.l(__rtentry2.o)
    0x00080188   0x00080188   0x00000028   Code   RO          304    .ARM.Collect$$rtentry$$0000000D  c_t.l(__rtentry2.o)
    0x000801b0   0x000801b0   0x00000004   Ven    RO          331    .ARM.Collect$$rtexit$$00000000  c_t.l(rtexit.o)
    0x000801b4   0x000801b4   0x00000004   Code   RO          331    .ARM.Collect$$rtexit$$00000000  c_t.l(rtexit.o)
    0x000801b8   0x000801b8   0x00000000   Code   RO          379    .ARM.Collect$$rtexit$$00000002  c_t.l(rtexit2.o)
    0x000801b8   0x000801b8   0x00000004   Code   RO          380    .ARM.Collect$$rtexit$$00000003  c_t.l(rtexit2.o)
    0x000801bc   0x000801bc   0x00000008   Code   RO          381    .ARM.Collect$$rtexit$$00000004  c_t.l(rtexit2.o)
    0x000801c4   0x000801c4   0x00000020   Code   RO            4    .text               aduc706x.o
    0x000801e4   0x000801e4   0x00000008   Ven    RO          246    .text               c_t.l(noretval__2sprintf.o)
    0x000801ec   0x000801ec   0x00000028   Code   RO          246    .text               c_t.l(noretval__2sprintf.o)
    0x00080214   0x00080214   0x00000076   Code   RO          248    .text               c_t.l(__printf.o)
    0x0008028a   0x0008028a   0x00000002   PAD
    0x0008028c   0x0008028c   0x00000008   Ven    RO          254    .text               c_t.l(_printf_dec.o)
    0x00080294   0x00080294   0x00000070   Code   RO          254    .text               c_t.l(_printf_dec.o)
    0x00080304   0x00080304   0x00000008   Ven    RO          279    .text               c_t.l(strlen.o)
    0x0008030c   0x0008030c   0x00000044   Code   RO          279    .text               c_t.l(strlen.o)
    0x00080350   0x00080350   0x00000054   Code   RO          281    .text               c_t.l(rt_memclr_w.o)
    0x000803a4   0x000803a4   0x00000006   Code   RO          283    .text               c_t.l(heapauxi.o)
    0x000803aa   0x000803aa   0x000000ba   Code   RO          288    .text               c_t.l(_printf_intcommon.o)
    0x00080464   0x00080464   0x00000030   Code   RO          290    .text               c_t.l(_printf_char_common.o)
    0x00080494   0x00080494   0x0000000a   Code   RO          292    .text               c_t.l(_sputc.o)
    0x0008049e   0x0008049e   0x00000002   PAD
    0x000804a0   0x000804a0   0x00000004   Ven    RO          295    .text               c_t.l(rtudiv10.o)
    0x000804a4   0x000804a4   0x0000002c   Code   RO          295    .text               c_t.l(rtudiv10.o)
    0x000804d0   0x000804d0   0x00000060   Code   RO          318    .text               c_t.l(sys_stackheap_outer.o)
    0x00080530   0x00080530   0x00000014   Code   RO          320    .text               c_t.l(exit.o)
    0x00080544   0x00080544   0x0000000c   Code   RO          328    .text               c_t.l(libspace.o)
    0x00080550   0x00080550   0x00000008   Ven    RO          389    .text               c_t.l(sys_exit.o)
    0x00080558   0x00080558   0x0000000c   Code   RO          389    .text               c_t.l(sys_exit.o)
    0x00080564   0x00080564   0x00000004   Code   RO          400    .text               c_t.l(use_no_semi.o)
    0x00080568   0x00080568   0x00000000   Code   RO          402    .text               c_t.l(indicate_semi.o)
    0x00080568   0x00080568   0x00000030   Code   RO          180    i.DAbt_Handler      irq_arm.o
    0x00080598   0x00080598   0x00000030   Code   RO          181    i.FIQ_Handler       irq_arm.o
    0x000805c8   0x000805c8   0x000000e4   Code   RO           11    i.IRQ_Handler       main.o
    0x000806ac   0x000806ac   0x00000030   Code   RO          182    i.PAbt_Handler      irq_arm.o
    0x000806dc   0x000806dc   0x00000030   Code   RO          183    i.SWI_Handler       irq_arm.o
    0x0008070c   0x0008070c   0x00000030   Code   RO          184    i.Undef_Handler     irq_arm.o
    0x0008073c   0x0008073c   0x00000002   Code   RO          252    i.__ARM_common_call_via_r1  c_t.l(__printf.o)
    0x0008073e   0x0008073e   0x00000002   Code   RO          250    i.__ARM_common_call_via_r2  c_t.l(__printf.o)
    0x00080740   0x00080740   0x00000018   Code   RO           73    i.delay             interrupt_handlers.o
    0x00080758   0x00080758   0x00000038   Code   RO          102    i.enable_mux_channel  aduc7060_helpers.o
    0x00080790   0x00080790   0x0000002c   Code   RO          103    i.initAdc           aduc7060_helpers.o
    0x000807bc   0x000807bc   0x00000040   Code   RO          104    i.initGpio          aduc7060_helpers.o
    0x000807fc   0x000807fc   0x00000078   Code   RO          105    i.initI2C           aduc7060_helpers.o
    0x00080874   0x00080874   0x0000003c   Code   RO          106    i.initInterrupts    aduc7060_helpers.o
    0x000808b0   0x000808b0   0x00000050   Code   RO          107    i.initUart          aduc7060_helpers.o
    0x00080900   0x00080900   0x00000024   Code   RO           12    i.main              main.o
    0x00080924   0x00080924   0x00000048   Code   RO          219    i.readAdc1Channel   adc.o
    0x0008096c   0x0008096c   0x00000070   Code   RO          220    i.readAdcChannels   adc.o
    0x000809dc   0x000809dc   0x00000018   Code   RO           49    i.setIRQCONE        config.o
    0x000809f4   0x000809f4   0x00000018   Code   RO           50    i.setIRQEN          config.o
    0x00080a0c   0x00080a0c   0x00000018   Code   RO           51    i.setT1CON          config.o
    0x00080a24   0x00080a24   0x00000320   Code   RO           74    i.timer1_handler    interrupt_handlers.o
    0x00080d44   0x00080d44   0x0000001c   Code   RO          111    i.turn_on_avdd      aduc7060_helpers.o
    0x00080d60   0x00080d60   0x0000001c   Code   RO          112    i.turn_on_led       aduc7060_helpers.o
    0x00080d7c   0x00080d7c   0x00000050   Code   RO          113    i.wake              aduc7060_helpers.o
    0x00080dcc   0x00080dcc   0x0000004f   Data   RO           75    .conststring        interrupt_handlers.o
    0x00080e1b   0x00080e1b   0x00000001   PAD
    0x00080e1c   0x00080e1c   0x00000020   Data   RO          455    Region$$Table       anon$$obj.o


==============================================================================

Image component sizes


      Code (inc. data)   RO Data    RW Data    ZI Data      Debug   Object Name

       184         28          0          0          0       1104   adc.o
       560         56          0          0          0       3604   aduc7060_helpers.o
       188         52          0          0       1664        484   aduc706x.o
        72          0          0          0          0       1359   config.o
       824         20         79          0          0       2041   interrupt_handlers.o
       240         20          0         24          0       2628   irq_arm.o
       264         16          0          8          0       5828   main.o

    ----------------------------------------------------------------------
      2332        192        112         32       1664      17048   Object Totals
         0          0         32          0          0          0   (incl. Generated)
         0          0          1          0          0          0   (incl. Padding)

    ----------------------------------------------------------------------

      Code (inc. data)   RO Data    RW Data    ZI Data      Debug   Library Member Name

         8          0          0          0          0         68   __main.o
       122          0          0          0          0        208   __printf.o
         0          0          0          0          0          0   __rtentry.o
        44          4          0          0          0          0   __rtentry2.o
         8          0          0          0          0          0   __rtentry4.o
        60          8          0          0          0          0   __scatter.o
        40          0          0          0          0          0   __scatter_copy.o
        44          0          0          0          0          0   __scatter_zi.o
        48          4          0          0          0         96   _printf_char_common.o
         8          0          0          0          0          0   _printf_d.o
       120         18          0          0          0         88   _printf_dec.o
         8          0          0          0          0          0   _printf_i.o
       186          0          0          0          0         96   _printf_intcommon.o
         4          0          0          0          0          0   _printf_percent.o
         8          0          0          0          0          0   _printf_percent_end.o
        10          0          0          0          0         60   _sputc.o
        20          0          0          0          0         80   exit.o
         6          0          0          0          0        136   heapauxi.o
         0          0          0          0          0          0   indicate_semi.o
        10          0          0          0          0          0   libinit.o
        12          0          0          0          0          0   libinit2.o
        12          0          0          0          0          0   libshutdown.o
         6          0          0          0          0          0   libshutdown2.o
        12          4          0          0         96         68   libspace.o
        48          4          0          0          0         84   noretval__2sprintf.o
        84          0          0          0          0         80   rt_memclr_w.o
         8          0          0          0          0          0   rtexit.o
        12          0          0          0          0          0   rtexit2.o
        48          0          0          0          0         68   rtudiv10.o
        76          4          0          0          0         76   strlen.o
        20          4          0          0          0         60   sys_exit.o
        96          0          0          0          0         80   sys_stackheap_outer.o
         4          0          0          0          0         68   use_no_semi.o

    ----------------------------------------------------------------------
      1200         50          0          0         96       1416   Library Totals
         8          0          0          0          0          0   (incl. Padding)

    ----------------------------------------------------------------------

      Code (inc. data)   RO Data    RW Data    ZI Data      Debug   Library Name

      1192         50          0          0         96       1416   c_t.l

    ----------------------------------------------------------------------
      1200         50          0          0         96       1416   Library Totals

    ----------------------------------------------------------------------

==============================================================================


      Code (inc. data)   RO Data    RW Data    ZI Data      Debug   

      3532        242        112         32       1760      16988   Grand Totals
      3532        242        112         32       1760      16988   ELF Image Totals
      3532        242        112         32          0          0   ROM Totals

==============================================================================

    Total RO  Size (Code + RO Data)                 3644 (   3.56kB)
    Total RW  Size (RW Data + ZI Data)              1792 (   1.75kB)
    Total ROM Size (Code + RO Data + RW Data)       3676 (   3.59kB)

==============================================================================

