<html>
<body>
<pre>
<h1>µVision Build Log</h1>
<h2>Tool Versions:</h2>
IDE-Version: µVision V5.24.2.0
Copyright (C) 2017 ARM Ltd and ARM Germany GmbH. All rights reserved.
License Information: Kurtis Keele, Westech, LIC=----
 
Tool Versions:
Toolchain:       MDK-Lite  Version: 5.24.1
Toolchain Path:  D:\Keil_v5\ARM\ARMCC\Bin
C Compiler:      Armcc.exe V5.06 update 5 (build 528)
Assembler:       Armasm.exe V5.06 update 5 (build 528)
Linker/Locator:  ArmLink.exe V5.06 update 5 (build 528)
Library Manager: ArmAr.exe V5.06 update 5 (build 528)
Hex Converter:   FromElf.exe V5.06 update 5 (build 528)
CPU DLL:         SARM.DLL V5.24.1
Dialog DLL:      DARMAD.DLL V1.18.0.0
Target DLL:      Segger\JLTAgdi.dll V1.60.0.0
Dialog DLL:      TARMAD.DLL V1.18.0.0
 
<h2>Project:</h2>
C:\Users\KKEELE\Desktop\v2.0.3\mudmax_tx.uvproj
Project File Date:  05/07/2018

<h2>Output:</h2>
*** Using Compiler 'V5.06 update 5 (build 528)', folder: 'D:\Keil_v5\ARM\ARMCC\Bin'
Rebuild target 'Target 1'
assembling ADuC706x.s...
compiling main.c...
main.c(45): warning:  #550-D: variable "I2CMSTATUS"  was set but never used
  	unsigned int I2CMSTATUS = 0;
main.c: 1 warning, 0 errors
compiling config.c...
compiling aduc7060_helpers.c...
compiling interrupt_handlers.c...
compiling irq_arm.c...
compiling adc.c...
linking...
Program Size: Code=3532 RO-data=112 RW-data=32 ZI-data=1760  
FromELF: creating hex file...
".\Objects\mudmax_tx.axf" - 0 Error(s), 1 Warning(s).
Build Time Elapsed:  00:00:01
</pre>
</body>
</html>
